[
  {
    "band" : "Soundgarden",
    "finish" : "2018-05-25T00:15:00Z",
    "start" : "2018-05-25T00:00:00Z",
  },
  {
    "band" : "Pearl Jam",
    "finish" : "2018-05-25T01:35:00Z",
    "start" : "2018-05-25T00:15:00Z",
  },
  {
    "band" : "Soundgarden",
    "finish" : "2018-05-25T01:50:00Z",
    "start" : "2018-05-25T01:35:00Z",
  },
  {
    "band": "Nirvana",
    "finish": "2018-05-25T02:00:00Z",
    "start": "2018-05-25T01:50:00Z",
  }
]