[
 {
   "band" : "Soundgarden",
   "finish" : "1993-05-25T02:15:00+10:00",
   "start" : "1993-05-25T02:00:00+10:00"
 },
 {
   "band" : "Pearl Jam",
   "finish" : "1993-05-25T02:35:00+10:00",
   "start" : "1993-05-25T02:15:00+10:00"
 },
 {
   "band" : "Soundgarden",
   "finish" : "1993-05-25T02:50:00+10:00",
   "start" : "1993-05-25T02:35:00+10:00"
 }
]

